#-----------------------------------------------------------
# Vivado v2023.1 (64-bit)
# SW Build 3865809 on Sun May  7 15:05:29 MDT 2023
# IP Build 3864474 on Sun May  7 20:36:21 MDT 2023
# SharedData Build 3865790 on Sun May 07 13:33:03 MDT 2023
# Start of session at: Wed Mar  5 23:40:49 2025
# Process ID: 22212
# Current directory: C:/Users/4v5/Documents/FPGA_Vivado_Restart/AG_NCX/AG_NCX.runs/fifo_generator_1_synth_1
# Command line: vivado.exe -log fifo_generator_1.vds -product Vivado -mode batch -messageDb vivado.pb -notrace -source fifo_generator_1.tcl
# Log file: C:/Users/4v5/Documents/FPGA_Vivado_Restart/AG_NCX/AG_NCX.runs/fifo_generator_1_synth_1/fifo_generator_1.vds
# Journal file: C:/Users/4v5/Documents/FPGA_Vivado_Restart/AG_NCX/AG_NCX.runs/fifo_generator_1_synth_1\vivado.jou
# Running On: easternbrown, OS: Windows, CPU Frequency: 2496 MHz, CPU Physical cores: 12, Host memory: 33982 MB
#-----------------------------------------------------------
source fifo_generator_1.tcl -notrace
